// Jest Snapshot v1, https://goo.gl/fbAQLP

exports[`MealItem /> should render MealItem 1`] = `
<div>
  <Link
    to={
      Object {
        "date": "2020-08-17T18:36:13.173Z",
        "pathname": "/edit/1",
      }
    }
  >
    <h2>
      milk
    </h2>
  </Link>
  <h3>
    148
  </h3>
</div>
`;
